
> mastrohub@0.1.0 build
> next build

   ▲ Next.js 15.4.4
   - Environments: .env.local
   - Experiments (use with caution):
     · optimizePackageImports

